// Jest Snapshot v1, https://goo.gl/fbAQLP

exports[`FormControlLabel Renders Correctly 1`] = `
<form
  onSubmit={[Function]}
>
  <label
    className="MuiFormControlLabel-root-1"
    error={undefined}
    onBlur={[Function]}
  >
    <span
      className="MuiSwitch-root-4"
    >
      <span
        className="MuiButtonBase-root-23 MuiIconButton-root-17 MuiSwitchBase-root-13 MuiSwitch-switchBase-7 MuiSwitch-colorSecondary-10"
        onBlur={[Function]}
        onFocus={[Function]}
        onKeyDown={[Function]}
        onKeyUp={[Function]}
        onMouseDown={[Function]}
        onMouseLeave={[Function]}
        onMouseUp={[Function]}
        onTouchEnd={[Function]}
        onTouchMove={[Function]}
        onTouchStart={[Function]}
        role={undefined}
        tabIndex={null}
      >
        <span
          className="MuiIconButton-label-22"
        >
          <span
            className="MuiSwitch-icon-5"
          />
          <input
            checked={false}
            className="MuiSwitchBase-input-16"
            disabled={false}
            id={undefined}
            name="test"
            onChange={[Function]}
            tabIndex={undefined}
            type="checkbox"
            value={undefined}
          />
        </span>
        <span
          className="MuiTouchRipple-root-26"
        />
      </span>
      <span
        className="MuiSwitch-bar-12"
      />
    </span>
    <span
      className="MuiTypography-root-33 MuiTypography-body1-42 MuiFormControlLabel-label-3"
    >
      Text
    </span>
  </label>
</form>
`;
