// Jest Snapshot v1, https://goo.gl/fbAQLP

exports[`Radio Group Renders Correctly 1`] = `
<form
  onReset={[Function]}
  onSubmit={[Function]}
>
  <div
    className="MuiFormGroup-root-1"
    label="Radio Group"
    onBlur={[Function]}
    role="radiogroup"
  >
    <label
      className="MuiFormControlLabel-root-3"
    >
      <span
        className="MuiButtonBase-root-24 MuiIconButton-root-18 MuiPrivateSwitchBase-root-14 MuiRadio-root-9 MuiRadio-colorSecondary-13"
        onBlur={[Function]}
        onFocus={[Function]}
        onKeyDown={[Function]}
        onKeyUp={[Function]}
        onMouseDown={[Function]}
        onMouseLeave={[Function]}
        onMouseUp={[Function]}
        onTouchEnd={[Function]}
        onTouchMove={[Function]}
        onTouchStart={[Function]}
        tabIndex={null}
      >
        <span
          className="MuiIconButton-label-23"
        >
          <svg
            aria-hidden="true"
            className="MuiSvgIcon-root-27"
            focusable="false"
            role="presentation"
            viewBox="0 0 24 24"
          >
            <path
              d="M12 2C6.48 2 2 6.48 2 12s4.48 10 10 10 10-4.48 10-10S17.52 2 12 2zm0 18c-4.42 0-8-3.58-8-8s3.58-8 8-8 8 3.58 8 8-3.58 8-8 8z"
            />
          </svg>
          <input
            checked={false}
            className="MuiPrivateSwitchBase-input-17"
            name="radio-group"
            onChange={[Function]}
            type="radio"
            value="painting"
          />
        </span>
        <span
          className="MuiTouchRipple-root-71"
        />
      </span>
      <span
        className="MuiTypography-root-36 MuiTypography-body1-45 MuiFormControlLabel-label-8"
      >
        Painting
      </span>
    </label>
    <label
      className="MuiFormControlLabel-root-3"
    >
      <span
        className="MuiButtonBase-root-24 MuiIconButton-root-18 MuiPrivateSwitchBase-root-14 MuiRadio-root-9 MuiRadio-colorSecondary-13"
        onBlur={[Function]}
        onFocus={[Function]}
        onKeyDown={[Function]}
        onKeyUp={[Function]}
        onMouseDown={[Function]}
        onMouseLeave={[Function]}
        onMouseUp={[Function]}
        onTouchEnd={[Function]}
        onTouchMove={[Function]}
        onTouchStart={[Function]}
        tabIndex={null}
      >
        <span
          className="MuiIconButton-label-23"
        >
          <svg
            aria-hidden="true"
            className="MuiSvgIcon-root-27"
            focusable="false"
            role="presentation"
            viewBox="0 0 24 24"
          >
            <path
              d="M12 2C6.48 2 2 6.48 2 12s4.48 10 10 10 10-4.48 10-10S17.52 2 12 2zm0 18c-4.42 0-8-3.58-8-8s3.58-8 8-8 8 3.58 8 8-3.58 8-8 8z"
            />
          </svg>
          <input
            checked={false}
            className="MuiPrivateSwitchBase-input-17"
            name="radio-group"
            onChange={[Function]}
            type="radio"
            value="drawing"
          />
        </span>
        <span
          className="MuiTouchRipple-root-71"
        />
      </span>
      <span
        className="MuiTypography-root-36 MuiTypography-body1-45 MuiFormControlLabel-label-8"
      >
        Drawing
      </span>
    </label>
    <label
      className="MuiFormControlLabel-root-3 MuiFormControlLabel-disabled-7"
    >
      <span
        className="MuiButtonBase-root-24 MuiButtonBase-disabled-25 MuiIconButton-root-18 MuiIconButton-disabled-22 MuiPrivateSwitchBase-root-14 MuiRadio-root-9 MuiRadio-colorSecondary-13 MuiPrivateSwitchBase-disabled-16 MuiRadio-disabled-11"
        onBlur={[Function]}
        onFocus={[Function]}
        onKeyDown={[Function]}
        onKeyUp={[Function]}
        onMouseDown={[Function]}
        onMouseLeave={[Function]}
        onMouseUp={[Function]}
        onTouchEnd={[Function]}
        onTouchMove={[Function]}
        onTouchStart={[Function]}
        tabIndex="-1"
      >
        <span
          className="MuiIconButton-label-23"
        >
          <svg
            aria-hidden="true"
            className="MuiSvgIcon-root-27"
            focusable="false"
            role="presentation"
            viewBox="0 0 24 24"
          >
            <path
              d="M12 2C6.48 2 2 6.48 2 12s4.48 10 10 10 10-4.48 10-10S17.52 2 12 2zm0 18c-4.42 0-8-3.58-8-8s3.58-8 8-8 8 3.58 8 8-3.58 8-8 8z"
            />
          </svg>
          <input
            checked={false}
            className="MuiPrivateSwitchBase-input-17"
            disabled={true}
            name="radio-group"
            onChange={[Function]}
            type="radio"
            value="none"
          />
        </span>
      </span>
      <span
        className="MuiTypography-root-36 MuiTypography-body1-45 MuiFormControlLabel-label-8 MuiFormControlLabel-disabled-7"
      >
        None
      </span>
    </label>
  </div>
</form>
`;
