// Jest Snapshot v1, https://goo.gl/fbAQLP

exports[`Switch Renders Correctly 1`] = `
<form
  onSubmit={[Function]}
>
  <span
    className="MuiSwitch-root-1"
  >
    <span
      className="MuiButtonBase-root-20 MuiIconButton-root-14 MuiSwitchBase-root-10 MuiSwitch-switchBase-4 MuiSwitch-colorSecondary-7"
      form={
        Object {
          "dirty": false,
          "errors": Object {},
          "handleBlur": [Function],
          "handleChange": [Function],
          "handleReset": [Function],
          "handleSubmit": [Function],
          "initialValues": Object {},
          "isSubmitting": false,
          "isValid": false,
          "resetForm": [Function],
          "setError": [Function],
          "setErrors": [Function],
          "setFieldError": [Function],
          "setFieldTouched": [Function],
          "setFieldValue": [Function],
          "setFormikState": [Function],
          "setStatus": [Function],
          "setSubmitting": [Function],
          "setTouched": [Function],
          "setValues": [Function],
          "submitForm": [Function],
          "touched": Object {},
          "validateForm": [Function],
          "validateOnBlur": true,
          "validateOnChange": true,
          "values": Object {},
        }
      }
      label="Text"
      onBlur={[Function]}
      onFocus={[Function]}
      onKeyDown={[Function]}
      onKeyUp={[Function]}
      onMouseDown={[Function]}
      onMouseLeave={[Function]}
      onMouseUp={[Function]}
      onTouchEnd={[Function]}
      onTouchMove={[Function]}
      onTouchStart={[Function]}
      role={undefined}
      tabIndex={null}
    >
      <span
        className="MuiIconButton-label-19"
      >
        <span
          className="MuiSwitch-icon-2"
        />
        <input
          checked={false}
          className="MuiSwitchBase-input-13"
          disabled={undefined}
          id={undefined}
          name="test"
          onChange={[Function]}
          tabIndex={undefined}
          type="checkbox"
          value={undefined}
        />
      </span>
      <span
        className="MuiTouchRipple-root-23"
      />
    </span>
    <span
      className="MuiSwitch-bar-9"
    />
  </span>
</form>
`;
