// Jest Snapshot v1, https://goo.gl/fbAQLP

exports[`TextField Renders Correctly 1`] = `
<form
  onSubmit={[Function]}
>
  <div
    className="MuiFormControl-root-1"
  >
    <label
      className="MuiFormLabel-root-12 MuiInputLabel-root-5 MuiInputLabel-formControl-6 MuiInputLabel-animated-9"
      data-shrink={false}
    >
      Text
    </label>
    <div
      className="MuiInputBase-root-32 MuiInput-root-19 MuiInput-underline-23 MuiInputBase-formControl-33 MuiInput-formControl-20"
      onClick={[Function]}
    >
      <input
        aria-invalid={false}
        className="MuiInputBase-input-42 MuiInput-input-27"
        disabled={false}
        name="test"
        onBlur={[Function]}
        onChange={[Function]}
        onFocus={[Function]}
        required={false}
        type="text"
      />
    </div>
  </div>
</form>
`;
